// Jest Snapshot v1, https://goo.gl/fbAQLP

exports[`Submit button should match snapshot and styles 1`] = `
<div
  className="textFieldGroup"
>
  <div
    className="MuiFormControl-root MuiTextField-root WithStyles(ForwardRef(TextField))-root-1"
    maxLength={10}
    onDragStart={[Function]}
    onDrop={[Function]}
    test-id="test"
  >
    <div
      className="MuiInputBase-root MuiInput-root MuiInput-underline MuiInputBase-formControl MuiInput-formControl"
      onClick={[Function]}
    >
      <input
        aria-invalid={false}
        autoFocus={false}
        className="MuiInputBase-input MuiInput-input"
        disabled={false}
        maxLength={10}
        name="test"
        onAnimationStart={[Function]}
        onBlur={[Function]}
        onChange={[Function]}
        onFocus={[Function]}
        required={false}
        type="text"
        value="test"
      />
    </div>
  </div>
  <div
    className="textFieldGroupError"
  />
</div>
`;
